  Determining projects to restore...
  All projects are up-to-date for restore.
C:\Program Files\dotnet\sdk\9.0.305\Microsoft.Common.CurrentVersion.targets(5932,5): warning MSB3061: Unable to delete file "C:\Users\PC\Food-Care-FNC\FoodCare.API\bin\Debug\net8.0\FoodCare.API.exe". Access to the path 'C:\Users\PC\Food-Care-FNC\FoodCare.API\bin\Debug\net8.0\FoodCare.API.exe' is denied. The file is locked by: "FoodCare.API (15904)" [C:\Users\PC\Food-Care-FNC\FoodCare.API\FoodCare.API.csproj]
C:\Program Files\dotnet\sdk\9.0.305\Microsoft.Common.CurrentVersion.targets(5932,5): warning MSB3061: Unable to delete file "C:\Users\PC\Food-Care-FNC\FoodCare.API\bin\Debug\net8.0\FoodCare.API.dll". Access to the path 'C:\Users\PC\Food-Care-FNC\FoodCare.API\bin\Debug\net8.0\FoodCare.API.dll' is denied. The file is locked by: "FoodCare.API (15904)" [C:\Users\PC\Food-Care-FNC\FoodCare.API\FoodCare.API.csproj]
C:\Program Files\dotnet\sdk\9.0.305\Microsoft.Common.CurrentVersion.targets(5932,5): warning MSB3061: Unable to delete file "C:\Users\PC\Food-Care-FNC\FoodCare.API\bin\Debug\net8.0\AutoMapper.dll". Access to the path 'C:\Users\PC\Food-Care-FNC\FoodCare.API\bin\Debug\net8.0\AutoMapper.dll' is denied. The file is locked by: "FoodCare.API (15904)" [C:\Users\PC\Food-Care-FNC\FoodCare.API\FoodCare.API.csproj]
C:\Program Files\dotnet\sdk\9.0.305\Microsoft.Common.CurrentVersion.targets(5932,5): warning MSB3061: Unable to delete file "C:\Users\PC\Food-Care-FNC\FoodCare.API\bin\Debug\net8.0\AutoMapper.Extensions.Microsoft.DependencyInjection.dll". Access to the path 'C:\Users\PC\Food-Care-FNC\FoodCare.API\bin\Debug\net8.0\AutoMapper.Extensions.Microsoft.DependencyInjection.dll' is denied. The file is locked by: "FoodCare.API (15904)" [C:\Users\PC\Food-Care-FNC\FoodCare.API\FoodCare.API.csproj]
C:\Program Files\dotnet\sdk\9.0.305\Microsoft.Common.CurrentVersion.targets(5932,5): warning MSB3061: Unable to delete file "C:\Users\PC\Food-Care-FNC\FoodCare.API\bin\Debug\net8.0\Microsoft.AspNetCore.Authentication.JwtBearer.dll". Access to the path 'C:\Users\PC\Food-Care-FNC\FoodCare.API\bin\Debug\net8.0\Microsoft.AspNetCore.Authentication.JwtBearer.dll' is denied. The file is locked by: "FoodCare.API (15904)" [C:\Users\PC\Food-Care-FNC\FoodCare.API\FoodCare.API.csproj]
C:\Program Files\dotnet\sdk\9.0.305\Microsoft.Common.CurrentVersion.targets(5932,5): warning MSB3061: Unable to delete file "C:\Users\PC\Food-Care-FNC\FoodCare.API\bin\Debug\net8.0\Microsoft.AspNetCore.OpenApi.dll". Access to the path 'C:\Users\PC\Food-Care-FNC\FoodCare.API\bin\Debug\net8.0\Microsoft.AspNetCore.OpenApi.dll' is denied. The file is locked by: "FoodCare.API (15904)" [C:\Users\PC\Food-Care-FNC\FoodCare.API\FoodCare.API.csproj]
C:\Program Files\dotnet\sdk\9.0.305\Microsoft.Common.CurrentVersion.targets(5932,5): warning MSB3061: Unable to delete file "C:\Users\PC\Food-Care-FNC\FoodCare.API\bin\Debug\net8.0\Microsoft.EntityFrameworkCore.dll". Access to the path 'C:\Users\PC\Food-Care-FNC\FoodCare.API\bin\Debug\net8.0\Microsoft.EntityFrameworkCore.dll' is denied. The file is locked by: "FoodCare.API (15904)" [C:\Users\PC\Food-Care-FNC\FoodCare.API\FoodCare.API.csproj]
C:\Program Files\dotnet\sdk\9.0.305\Microsoft.Common.CurrentVersion.targets(5932,5): warning MSB3061: Unable to delete file "C:\Users\PC\Food-Care-FNC\FoodCare.API\bin\Debug\net8.0\Microsoft.EntityFrameworkCore.Abstractions.dll". Access to the path 'C:\Users\PC\Food-Care-FNC\FoodCare.API\bin\Debug\net8.0\Microsoft.EntityFrameworkCore.Abstractions.dll' is denied. The file is locked by: "FoodCare.API (15904)" [C:\Users\PC\Food-Care-FNC\FoodCare.API\FoodCare.API.csproj]
C:\Program Files\dotnet\sdk\9.0.305\Microsoft.Common.CurrentVersion.targets(5932,5): warning MSB3061: Unable to delete file "C:\Users\PC\Food-Care-FNC\FoodCare.API\bin\Debug\net8.0\Microsoft.EntityFrameworkCore.Relational.dll". Access to the path 'C:\Users\PC\Food-Care-FNC\FoodCare.API\bin\Debug\net8.0\Microsoft.EntityFrameworkCore.Relational.dll' is denied. The file is locked by: "FoodCare.API (15904)" [C:\Users\PC\Food-Care-FNC\FoodCare.API\FoodCare.API.csproj]
C:\Program Files\dotnet\sdk\9.0.305\Microsoft.Common.CurrentVersion.targets(5932,5): warning MSB3061: Unable to delete file "C:\Users\PC\Food-Care-FNC\FoodCare.API\bin\Debug\net8.0\Microsoft.IdentityModel.Abstractions.dll". Access to the path 'C:\Users\PC\Food-Care-FNC\FoodCare.API\bin\Debug\net8.0\Microsoft.IdentityModel.Abstractions.dll' is denied. The file is locked by: "FoodCare.API (15904)" [C:\Users\PC\Food-Care-FNC\FoodCare.API\FoodCare.API.csproj]
C:\Program Files\dotnet\sdk\9.0.305\Microsoft.Common.CurrentVersion.targets(5932,5): warning MSB3061: Unable to delete file "C:\Users\PC\Food-Care-FNC\FoodCare.API\bin\Debug\net8.0\Microsoft.IdentityModel.JsonWebTokens.dll". Access to the path 'C:\Users\PC\Food-Care-FNC\FoodCare.API\bin\Debug\net8.0\Microsoft.IdentityModel.JsonWebTokens.dll' is denied. The file is locked by: "FoodCare.API (15904)" [C:\Users\PC\Food-Care-FNC\FoodCare.API\FoodCare.API.csproj]
C:\Program Files\dotnet\sdk\9.0.305\Microsoft.Common.CurrentVersion.targets(5932,5): warning MSB3061: Unable to delete file "C:\Users\PC\Food-Care-FNC\FoodCare.API\bin\Debug\net8.0\Microsoft.IdentityModel.Logging.dll". Access to the path 'C:\Users\PC\Food-Care-FNC\FoodCare.API\bin\Debug\net8.0\Microsoft.IdentityModel.Logging.dll' is denied. The file is locked by: "FoodCare.API (15904)" [C:\Users\PC\Food-Care-FNC\FoodCare.API\FoodCare.API.csproj]
C:\Program Files\dotnet\sdk\9.0.305\Microsoft.Common.CurrentVersion.targets(5932,5): warning MSB3061: Unable to delete file "C:\Users\PC\Food-Care-FNC\FoodCare.API\bin\Debug\net8.0\Microsoft.IdentityModel.Protocols.dll". Access to the path 'C:\Users\PC\Food-Care-FNC\FoodCare.API\bin\Debug\net8.0\Microsoft.IdentityModel.Protocols.dll' is denied. The file is locked by: "FoodCare.API (15904)" [C:\Users\PC\Food-Care-FNC\FoodCare.API\FoodCare.API.csproj]
C:\Program Files\dotnet\sdk\9.0.305\Microsoft.Common.CurrentVersion.targets(5932,5): warning MSB3061: Unable to delete file "C:\Users\PC\Food-Care-FNC\FoodCare.API\bin\Debug\net8.0\Microsoft.IdentityModel.Protocols.OpenIdConnect.dll". Access to the path 'C:\Users\PC\Food-Care-FNC\FoodCare.API\bin\Debug\net8.0\Microsoft.IdentityModel.Protocols.OpenIdConnect.dll' is denied. The file is locked by: "FoodCare.API (15904)" [C:\Users\PC\Food-Care-FNC\FoodCare.API\FoodCare.API.csproj]
C:\Program Files\dotnet\sdk\9.0.305\Microsoft.Common.CurrentVersion.targets(5932,5): warning MSB3061: Unable to delete file "C:\Users\PC\Food-Care-FNC\FoodCare.API\bin\Debug\net8.0\Microsoft.IdentityModel.Tokens.dll". Access to the path 'C:\Users\PC\Food-Care-FNC\FoodCare.API\bin\Debug\net8.0\Microsoft.IdentityModel.Tokens.dll' is denied. The file is locked by: "FoodCare.API (15904)" [C:\Users\PC\Food-Care-FNC\FoodCare.API\FoodCare.API.csproj]
C:\Program Files\dotnet\sdk\9.0.305\Microsoft.Common.CurrentVersion.targets(5932,5): warning MSB3061: Unable to delete file "C:\Users\PC\Food-Care-FNC\FoodCare.API\bin\Debug\net8.0\Microsoft.OpenApi.dll". Access to the path 'C:\Users\PC\Food-Care-FNC\FoodCare.API\bin\Debug\net8.0\Microsoft.OpenApi.dll' is denied. The file is locked by: "FoodCare.API (15904)" [C:\Users\PC\Food-Care-FNC\FoodCare.API\FoodCare.API.csproj]
C:\Program Files\dotnet\sdk\9.0.305\Microsoft.Common.CurrentVersion.targets(5932,5): warning MSB3061: Unable to delete file "C:\Users\PC\Food-Care-FNC\FoodCare.API\bin\Debug\net8.0\Newtonsoft.Json.dll". Access to the path 'C:\Users\PC\Food-Care-FNC\FoodCare.API\bin\Debug\net8.0\Newtonsoft.Json.dll' is denied. The file is locked by: "FoodCare.API (15904)" [C:\Users\PC\Food-Care-FNC\FoodCare.API\FoodCare.API.csproj]
C:\Program Files\dotnet\sdk\9.0.305\Microsoft.Common.CurrentVersion.targets(5932,5): warning MSB3061: Unable to delete file "C:\Users\PC\Food-Care-FNC\FoodCare.API\bin\Debug\net8.0\Npgsql.dll". Access to the path 'C:\Users\PC\Food-Care-FNC\FoodCare.API\bin\Debug\net8.0\Npgsql.dll' is denied. The file is locked by: "FoodCare.API (15904)" [C:\Users\PC\Food-Care-FNC\FoodCare.API\FoodCare.API.csproj]
C:\Program Files\dotnet\sdk\9.0.305\Microsoft.Common.CurrentVersion.targets(5932,5): warning MSB3061: Unable to delete file "C:\Users\PC\Food-Care-FNC\FoodCare.API\bin\Debug\net8.0\Npgsql.EntityFrameworkCore.PostgreSQL.dll". Access to the path 'C:\Users\PC\Food-Care-FNC\FoodCare.API\bin\Debug\net8.0\Npgsql.EntityFrameworkCore.PostgreSQL.dll' is denied. The file is locked by: "FoodCare.API (15904)" [C:\Users\PC\Food-Care-FNC\FoodCare.API\FoodCare.API.csproj]
C:\Program Files\dotnet\sdk\9.0.305\Microsoft.Common.CurrentVersion.targets(5932,5): warning MSB3061: Unable to delete file "C:\Users\PC\Food-Care-FNC\FoodCare.API\bin\Debug\net8.0\SendGrid.dll". Access to the path 'C:\Users\PC\Food-Care-FNC\FoodCare.API\bin\Debug\net8.0\SendGrid.dll' is denied. The file is locked by: "FoodCare.API (15904)" [C:\Users\PC\Food-Care-FNC\FoodCare.API\FoodCare.API.csproj]
C:\Program Files\dotnet\sdk\9.0.305\Microsoft.Common.CurrentVersion.targets(5932,5): warning MSB3061: Unable to delete file "C:\Users\PC\Food-Care-FNC\FoodCare.API\bin\Debug\net8.0\Supabase.dll". Access to the path 'C:\Users\PC\Food-Care-FNC\FoodCare.API\bin\Debug\net8.0\Supabase.dll' is denied. The file is locked by: "FoodCare.API (15904)" [C:\Users\PC\Food-Care-FNC\FoodCare.API\FoodCare.API.csproj]
C:\Program Files\dotnet\sdk\9.0.305\Microsoft.Common.CurrentVersion.targets(5932,5): warning MSB3061: Unable to delete file "C:\Users\PC\Food-Care-FNC\FoodCare.API\bin\Debug\net8.0\Supabase.Core.dll". Access to the path 'C:\Users\PC\Food-Care-FNC\FoodCare.API\bin\Debug\net8.0\Supabase.Core.dll' is denied. The file is locked by: "FoodCare.API (15904)" [C:\Users\PC\Food-Care-FNC\FoodCare.API\FoodCare.API.csproj]
C:\Program Files\dotnet\sdk\9.0.305\Microsoft.Common.CurrentVersion.targets(5932,5): warning MSB3061: Unable to delete file "C:\Users\PC\Food-Care-FNC\FoodCare.API\bin\Debug\net8.0\Supabase.Functions.dll". Access to the path 'C:\Users\PC\Food-Care-FNC\FoodCare.API\bin\Debug\net8.0\Supabase.Functions.dll' is denied. The file is locked by: "FoodCare.API (15904)" [C:\Users\PC\Food-Care-FNC\FoodCare.API\FoodCare.API.csproj]
C:\Program Files\dotnet\sdk\9.0.305\Microsoft.Common.CurrentVersion.targets(5932,5): warning MSB3061: Unable to delete file "C:\Users\PC\Food-Care-FNC\FoodCare.API\bin\Debug\net8.0\Supabase.Gotrue.dll". Access to the path 'C:\Users\PC\Food-Care-FNC\FoodCare.API\bin\Debug\net8.0\Supabase.Gotrue.dll' is denied. The file is locked by: "FoodCare.API (15904)" [C:\Users\PC\Food-Care-FNC\FoodCare.API\FoodCare.API.csproj]
C:\Program Files\dotnet\sdk\9.0.305\Microsoft.Common.CurrentVersion.targets(5932,5): warning MSB3061: Unable to delete file "C:\Users\PC\Food-Care-FNC\FoodCare.API\bin\Debug\net8.0\Supabase.Postgrest.dll". Access to the path 'C:\Users\PC\Food-Care-FNC\FoodCare.API\bin\Debug\net8.0\Supabase.Postgrest.dll' is denied. The file is locked by: "FoodCare.API (15904)" [C:\Users\PC\Food-Care-FNC\FoodCare.API\FoodCare.API.csproj]
C:\Program Files\dotnet\sdk\9.0.305\Microsoft.Common.CurrentVersion.targets(5932,5): warning MSB3061: Unable to delete file "C:\Users\PC\Food-Care-FNC\FoodCare.API\bin\Debug\net8.0\Supabase.Realtime.dll". Access to the path 'C:\Users\PC\Food-Care-FNC\FoodCare.API\bin\Debug\net8.0\Supabase.Realtime.dll' is denied. The file is locked by: "FoodCare.API (15904)" [C:\Users\PC\Food-Care-FNC\FoodCare.API\FoodCare.API.csproj]
C:\Program Files\dotnet\sdk\9.0.305\Microsoft.Common.CurrentVersion.targets(5932,5): warning MSB3061: Unable to delete file "C:\Users\PC\Food-Care-FNC\FoodCare.API\bin\Debug\net8.0\Supabase.Storage.dll". Access to the path 'C:\Users\PC\Food-Care-FNC\FoodCare.API\bin\Debug\net8.0\Supabase.Storage.dll' is denied. The file is locked by: "FoodCare.API (15904)" [C:\Users\PC\Food-Care-FNC\FoodCare.API\FoodCare.API.csproj]
C:\Program Files\dotnet\sdk\9.0.305\Microsoft.Common.CurrentVersion.targets(5932,5): warning MSB3061: Unable to delete file "C:\Users\PC\Food-Care-FNC\FoodCare.API\bin\Debug\net8.0\Swashbuckle.AspNetCore.Swagger.dll". Access to the path 'C:\Users\PC\Food-Care-FNC\FoodCare.API\bin\Debug\net8.0\Swashbuckle.AspNetCore.Swagger.dll' is denied. The file is locked by: "FoodCare.API (15904)" [C:\Users\PC\Food-Care-FNC\FoodCare.API\FoodCare.API.csproj]
C:\Program Files\dotnet\sdk\9.0.305\Microsoft.Common.CurrentVersion.targets(5932,5): warning MSB3061: Unable to delete file "C:\Users\PC\Food-Care-FNC\FoodCare.API\bin\Debug\net8.0\Swashbuckle.AspNetCore.SwaggerGen.dll". Access to the path 'C:\Users\PC\Food-Care-FNC\FoodCare.API\bin\Debug\net8.0\Swashbuckle.AspNetCore.SwaggerGen.dll' is denied. The file is locked by: "FoodCare.API (15904)" [C:\Users\PC\Food-Care-FNC\FoodCare.API\FoodCare.API.csproj]
C:\Program Files\dotnet\sdk\9.0.305\Microsoft.Common.CurrentVersion.targets(5932,5): warning MSB3061: Unable to delete file "C:\Users\PC\Food-Care-FNC\FoodCare.API\bin\Debug\net8.0\Swashbuckle.AspNetCore.SwaggerUI.dll". Access to the path 'C:\Users\PC\Food-Care-FNC\FoodCare.API\bin\Debug\net8.0\Swashbuckle.AspNetCore.SwaggerUI.dll' is denied. The file is locked by: "FoodCare.API (15904)" [C:\Users\PC\Food-Care-FNC\FoodCare.API\FoodCare.API.csproj]
C:\Program Files\dotnet\sdk\9.0.305\Microsoft.Common.CurrentVersion.targets(5932,5): warning MSB3061: Unable to delete file "C:\Users\PC\Food-Care-FNC\FoodCare.API\bin\Debug\net8.0\System.IdentityModel.Tokens.Jwt.dll". Access to the path 'C:\Users\PC\Food-Care-FNC\FoodCare.API\bin\Debug\net8.0\System.IdentityModel.Tokens.Jwt.dll' is denied. The file is locked by: "FoodCare.API (15904)" [C:\Users\PC\Food-Care-FNC\FoodCare.API\FoodCare.API.csproj]
C:\Users\PC\Food-Care-FNC\FoodCare.API\Services\Implementations\SupplierModule\SupplierAuthService.cs(76,39): warning CS8602: Dereference of a possibly null reference. [C:\Users\PC\Food-Care-FNC\FoodCare.API\FoodCare.API.csproj]
C:\Users\PC\Food-Care-FNC\FoodCare.API\Services\Implementations\SupplierModule\SupplierAuthService.cs(76,29): warning CS8629: Nullable value type may be null. [C:\Users\PC\Food-Care-FNC\FoodCare.API\FoodCare.API.csproj]
C:\Users\PC\Food-Care-FNC\FoodCare.API\Services\Implementations\SupplierModule\SupplierAuthService.cs(79,32): warning CS8601: Possible null reference assignment. [C:\Users\PC\Food-Care-FNC\FoodCare.API\FoodCare.API.csproj]
C:\Users\PC\Food-Care-FNC\FoodCare.API\Services\Implementations\SupplierModule\SupplierAuthService.cs(111,27): warning CS8602: Dereference of a possibly null reference. [C:\Users\PC\Food-Care-FNC\FoodCare.API\FoodCare.API.csproj]
C:\Users\PC\Food-Care-FNC\FoodCare.API\Services\Implementations\SupplierModule\SupplierAuthService.cs(116,26): warning CS8602: Dereference of a possibly null reference. [C:\Users\PC\Food-Care-FNC\FoodCare.API\FoodCare.API.csproj]
C:\Users\PC\Food-Care-FNC\FoodCare.API\Services\Implementations\SupplierModule\SupplierAuthService.cs(119,26): warning CS8602: Dereference of a possibly null reference. [C:\Users\PC\Food-Care-FNC\FoodCare.API\FoodCare.API.csproj]
C:\Users\PC\Food-Care-FNC\FoodCare.API\Services\Implementations\SupplierModule\SupplierAuthService.cs(128,52): warning CS8602: Dereference of a possibly null reference. [C:\Users\PC\Food-Care-FNC\FoodCare.API\FoodCare.API.csproj]
C:\Users\PC\Food-Care-FNC\FoodCare.API\Services\Implementations\SupplierModule\SupplierAuthService.cs(129,28): warning CS8629: Nullable value type may be null. [C:\Users\PC\Food-Care-FNC\FoodCare.API\FoodCare.API.csproj]
C:\Users\PC\Food-Care-FNC\FoodCare.API\Services\Implementations\SupplierModule\SupplierAuthService.cs(130,32): warning CS8629: Nullable value type may be null. [C:\Users\PC\Food-Care-FNC\FoodCare.API\FoodCare.API.csproj]
C:\Users\PC\Food-Care-FNC\FoodCare.API\Services\Implementations\SupplierModule\SupplierAuthService.cs(131,32): warning CS8629: Nullable value type may be null. [C:\Users\PC\Food-Care-FNC\FoodCare.API\FoodCare.API.csproj]
C:\Users\PC\Food-Care-FNC\FoodCare.API\Services\Implementations\SupplierModule\SupplierAuthService.cs(156,27): warning CS8602: Dereference of a possibly null reference. [C:\Users\PC\Food-Care-FNC\FoodCare.API\FoodCare.API.csproj]
C:\Users\PC\Food-Care-FNC\FoodCare.API\Services\Implementations\SupplierModule\SupplierAuthService.cs(162,26): warning CS8602: Dereference of a possibly null reference. [C:\Users\PC\Food-Care-FNC\FoodCare.API\FoodCare.API.csproj]
C:\Users\PC\Food-Care-FNC\FoodCare.API\Services\Implementations\SupplierModule\SupplierAuthService.cs(163,28): warning CS8602: Dereference of a possibly null reference. [C:\Users\PC\Food-Care-FNC\FoodCare.API\FoodCare.API.csproj]
C:\Users\PC\Food-Care-FNC\FoodCare.API\Services\Implementations\SupplierModule\SupplierAuthService.cs(167,27): warning CS8629: Nullable value type may be null. [C:\Users\PC\Food-Care-FNC\FoodCare.API\FoodCare.API.csproj]
C:\Users\PC\Food-Care-FNC\FoodCare.API\Services\Implementations\SupplierModule\SupplierAuthService.cs(175,34): warning CS8602: Dereference of a possibly null reference. [C:\Users\PC\Food-Care-FNC\FoodCare.API\FoodCare.API.csproj]
C:\Users\PC\Food-Care-FNC\FoodCare.API\Services\Implementations\SupplierModule\SupplierAuthService.cs(179,27): warning CS8629: Nullable value type may be null. [C:\Users\PC\Food-Care-FNC\FoodCare.API\FoodCare.API.csproj]
C:\Users\PC\Food-Care-FNC\FoodCare.API\Services\Implementations\SupplierModule\SupplierAuthService.cs(195,27): warning CS8629: Nullable value type may be null. [C:\Users\PC\Food-Care-FNC\FoodCare.API\FoodCare.API.csproj]
C:\Users\PC\Food-Care-FNC\FoodCare.API\Services\Implementations\SupplierModule\SupplierAuthService.cs(215,27): warning CS8629: Nullable value type may be null. [C:\Users\PC\Food-Care-FNC\FoodCare.API\FoodCare.API.csproj]
C:\Users\PC\Food-Care-FNC\FoodCare.API\Services\Implementations\SupplierModule\SupplierAuthService.cs(228,28): warning CS8629: Nullable value type may be null. [C:\Users\PC\Food-Care-FNC\FoodCare.API\FoodCare.API.csproj]
C:\Users\PC\Food-Care-FNC\FoodCare.API\Services\Implementations\SupplierModule\SupplierAuthService.cs(252,32): warning CS8601: Possible null reference assignment. [C:\Users\PC\Food-Care-FNC\FoodCare.API\FoodCare.API.csproj]
C:\Users\PC\Food-Care-FNC\FoodCare.API\Helpers\NotificationHelper.cs(19,30): warning CS1998: This async method lacks 'await' operators and will run synchronously. Consider using the 'await' operator to await non-blocking API calls, or 'await Task.Run(...)' to do CPU-bound work on a background thread. [C:\Users\PC\Food-Care-FNC\FoodCare.API\FoodCare.API.csproj]
C:\Users\PC\Food-Care-FNC\FoodCare.API\Helpers\MappingProfile.cs(121,65): warning CS8604: Possible null reference argument for parameter 'json' in 'JsonDocument JsonDocument.Parse(string json, JsonDocumentOptions options = default(JsonDocumentOptions))'. [C:\Users\PC\Food-Care-FNC\FoodCare.API\FoodCare.API.csproj]
C:\Users\PC\Food-Care-FNC\FoodCare.API\Services\Implementations\AuthService.cs(399,27): warning CS8600: Converting null literal or possible null value to non-nullable type. [C:\Users\PC\Food-Care-FNC\FoodCare.API\FoodCare.API.csproj]
C:\Users\PC\Food-Care-FNC\FoodCare.API\Services\Implementations\Admin\AdminSupplierService.cs(28,17): warning CS8602: Dereference of a possibly null reference. [C:\Users\PC\Food-Care-FNC\FoodCare.API\FoodCare.API.csproj]
C:\Users\PC\Food-Care-FNC\FoodCare.API\Services\Implementations\EmailService.cs(295,40): warning CS8604: Possible null reference argument for parameter 'address' in 'MailAddress.MailAddress(string address, string? displayName)'. [C:\Users\PC\Food-Care-FNC\FoodCare.API\FoodCare.API.csproj]
C:\Users\PC\Food-Care-FNC\FoodCare.API\Services\Implementations\PayOsService.cs(36,17): warning CS8604: Possible null reference argument for parameter 'cancelUrl' in 'string PayOsService.CreateSignature(long orderCode, decimal amount, string description, string cancelUrl, string returnUrl, string checksumKey)'. [C:\Users\PC\Food-Care-FNC\FoodCare.API\FoodCare.API.csproj]
C:\Users\PC\Food-Care-FNC\FoodCare.API\Services\Implementations\PayOsService.cs(37,17): warning CS8604: Possible null reference argument for parameter 'returnUrl' in 'string PayOsService.CreateSignature(long orderCode, decimal amount, string description, string cancelUrl, string returnUrl, string checksumKey)'. [C:\Users\PC\Food-Care-FNC\FoodCare.API\FoodCare.API.csproj]
C:\Users\PC\Food-Care-FNC\FoodCare.API\Services\Implementations\PayOsService.cs(38,17): warning CS8604: Possible null reference argument for parameter 'checksumKey' in 'string PayOsService.CreateSignature(long orderCode, decimal amount, string description, string cancelUrl, string returnUrl, string checksumKey)'. [C:\Users\PC\Food-Care-FNC\FoodCare.API\FoodCare.API.csproj]
C:\Users\PC\Food-Care-FNC\FoodCare.API\Services\Implementations\PayOsService.cs(96,68): warning CS8604: Possible null reference argument for parameter 's' in 'byte[] Encoding.GetBytes(string s)'. [C:\Users\PC\Food-Care-FNC\FoodCare.API\FoodCare.API.csproj]
C:\Users\PC\Food-Care-FNC\FoodCare.API\Services\Implementations\RecommendationService.cs(194,113): warning CS8629: Nullable value type may be null. [C:\Users\PC\Food-Care-FNC\FoodCare.API\FoodCare.API.csproj]
C:\Users\PC\Food-Care-FNC\FoodCare.API\Services\Implementations\RecommendationService.cs(195,25): warning CS8629: Nullable value type may be null. [C:\Users\PC\Food-Care-FNC\FoodCare.API\FoodCare.API.csproj]
C:\Users\PC\Food-Care-FNC\FoodCare.API\Services\Implementations\RecommendationService.cs(195,98): warning CS8629: Nullable value type may be null. [C:\Users\PC\Food-Care-FNC\FoodCare.API\FoodCare.API.csproj]
C:\Program Files\dotnet\sdk\9.0.305\Microsoft.Common.CurrentVersion.targets(5394,5): warning MSB3026: Could not copy "C:\Users\PC\Food-Care-FNC\FoodCare.API\obj\Debug\net8.0\apphost.exe" to "bin\Debug\net8.0\FoodCare.API.exe". Beginning retry 1 in 1000ms. The process cannot access the file 'C:\Users\PC\Food-Care-FNC\FoodCare.API\bin\Debug\net8.0\FoodCare.API.exe' because it is being used by another process. The file is locked by: "FoodCare.API (15904)" [C:\Users\PC\Food-Care-FNC\FoodCare.API\FoodCare.API.csproj]
C:\Program Files\dotnet\sdk\9.0.305\Microsoft.Common.CurrentVersion.targets(5394,5): warning MSB3026: Could not copy "C:\Users\PC\Food-Care-FNC\FoodCare.API\obj\Debug\net8.0\apphost.exe" to "bin\Debug\net8.0\FoodCare.API.exe". Beginning retry 2 in 1000ms. The process cannot access the file 'C:\Users\PC\Food-Care-FNC\FoodCare.API\bin\Debug\net8.0\FoodCare.API.exe' because it is being used by another process. The file is locked by: "FoodCare.API (15904)" [C:\Users\PC\Food-Care-FNC\FoodCare.API\FoodCare.API.csproj]
C:\Program Files\dotnet\sdk\9.0.305\Microsoft.Common.CurrentVersion.targets(5394,5): warning MSB3026: Could not copy "C:\Users\PC\Food-Care-FNC\FoodCare.API\obj\Debug\net8.0\apphost.exe" to "bin\Debug\net8.0\FoodCare.API.exe". Beginning retry 3 in 1000ms. The process cannot access the file 'C:\Users\PC\Food-Care-FNC\FoodCare.API\bin\Debug\net8.0\FoodCare.API.exe' because it is being used by another process. The file is locked by: "FoodCare.API (15904)" [C:\Users\PC\Food-Care-FNC\FoodCare.API\FoodCare.API.csproj]
C:\Program Files\dotnet\sdk\9.0.305\Microsoft.Common.CurrentVersion.targets(5394,5): warning MSB3026: Could not copy "C:\Users\PC\Food-Care-FNC\FoodCare.API\obj\Debug\net8.0\apphost.exe" to "bin\Debug\net8.0\FoodCare.API.exe". Beginning retry 4 in 1000ms. The process cannot access the file 'C:\Users\PC\Food-Care-FNC\FoodCare.API\bin\Debug\net8.0\FoodCare.API.exe' because it is being used by another process. The file is locked by: "FoodCare.API (15904)" [C:\Users\PC\Food-Care-FNC\FoodCare.API\FoodCare.API.csproj]
C:\Program Files\dotnet\sdk\9.0.305\Microsoft.Common.CurrentVersion.targets(5394,5): warning MSB3026: Could not copy "C:\Users\PC\Food-Care-FNC\FoodCare.API\obj\Debug\net8.0\apphost.exe" to "bin\Debug\net8.0\FoodCare.API.exe". Beginning retry 5 in 1000ms. The process cannot access the file 'C:\Users\PC\Food-Care-FNC\FoodCare.API\bin\Debug\net8.0\FoodCare.API.exe' because it is being used by another process. The file is locked by: "FoodCare.API (15904)" [C:\Users\PC\Food-Care-FNC\FoodCare.API\FoodCare.API.csproj]
C:\Program Files\dotnet\sdk\9.0.305\Microsoft.Common.CurrentVersion.targets(5394,5): warning MSB3026: Could not copy "C:\Users\PC\Food-Care-FNC\FoodCare.API\obj\Debug\net8.0\apphost.exe" to "bin\Debug\net8.0\FoodCare.API.exe". Beginning retry 6 in 1000ms. The process cannot access the file 'C:\Users\PC\Food-Care-FNC\FoodCare.API\bin\Debug\net8.0\FoodCare.API.exe' because it is being used by another process. The file is locked by: "FoodCare.API (15904)" [C:\Users\PC\Food-Care-FNC\FoodCare.API\FoodCare.API.csproj]
C:\Program Files\dotnet\sdk\9.0.305\Microsoft.Common.CurrentVersion.targets(5394,5): warning MSB3026: Could not copy "C:\Users\PC\Food-Care-FNC\FoodCare.API\obj\Debug\net8.0\apphost.exe" to "bin\Debug\net8.0\FoodCare.API.exe". Beginning retry 7 in 1000ms. The process cannot access the file 'C:\Users\PC\Food-Care-FNC\FoodCare.API\bin\Debug\net8.0\FoodCare.API.exe' because it is being used by another process. The file is locked by: "FoodCare.API (15904)" [C:\Users\PC\Food-Care-FNC\FoodCare.API\FoodCare.API.csproj]
C:\Program Files\dotnet\sdk\9.0.305\Microsoft.Common.CurrentVersion.targets(5394,5): warning MSB3026: Could not copy "C:\Users\PC\Food-Care-FNC\FoodCare.API\obj\Debug\net8.0\apphost.exe" to "bin\Debug\net8.0\FoodCare.API.exe". Beginning retry 8 in 1000ms. The process cannot access the file 'C:\Users\PC\Food-Care-FNC\FoodCare.API\bin\Debug\net8.0\FoodCare.API.exe' because it is being used by another process. The file is locked by: "FoodCare.API (15904)" [C:\Users\PC\Food-Care-FNC\FoodCare.API\FoodCare.API.csproj]
C:\Program Files\dotnet\sdk\9.0.305\Microsoft.Common.CurrentVersion.targets(5394,5): warning MSB3026: Could not copy "C:\Users\PC\Food-Care-FNC\FoodCare.API\obj\Debug\net8.0\apphost.exe" to "bin\Debug\net8.0\FoodCare.API.exe". Beginning retry 9 in 1000ms. The process cannot access the file 'C:\Users\PC\Food-Care-FNC\FoodCare.API\bin\Debug\net8.0\FoodCare.API.exe' because it is being used by another process. The file is locked by: "FoodCare.API (15904)" [C:\Users\PC\Food-Care-FNC\FoodCare.API\FoodCare.API.csproj]
C:\Program Files\dotnet\sdk\9.0.305\Microsoft.Common.CurrentVersion.targets(5394,5): warning MSB3026: Could not copy "C:\Users\PC\Food-Care-FNC\FoodCare.API\obj\Debug\net8.0\apphost.exe" to "bin\Debug\net8.0\FoodCare.API.exe". Beginning retry 10 in 1000ms. The process cannot access the file 'C:\Users\PC\Food-Care-FNC\FoodCare.API\bin\Debug\net8.0\FoodCare.API.exe' because it is being used by another process. The file is locked by: "FoodCare.API (15904)" [C:\Users\PC\Food-Care-FNC\FoodCare.API\FoodCare.API.csproj]
C:\Program Files\dotnet\sdk\9.0.305\Microsoft.Common.CurrentVersion.targets(5394,5): error MSB3027: Could not copy "C:\Users\PC\Food-Care-FNC\FoodCare.API\obj\Debug\net8.0\apphost.exe" to "bin\Debug\net8.0\FoodCare.API.exe". Exceeded retry count of 10. Failed. The file is locked by: "FoodCare.API (15904)" [C:\Users\PC\Food-Care-FNC\FoodCare.API\FoodCare.API.csproj]
C:\Program Files\dotnet\sdk\9.0.305\Microsoft.Common.CurrentVersion.targets(5394,5): error MSB3021: Unable to copy file "C:\Users\PC\Food-Care-FNC\FoodCare.API\obj\Debug\net8.0\apphost.exe" to "bin\Debug\net8.0\FoodCare.API.exe". The process cannot access the file 'C:\Users\PC\Food-Care-FNC\FoodCare.API\bin\Debug\net8.0\FoodCare.API.exe' because it is being used by another process. [C:\Users\PC\Food-Care-FNC\FoodCare.API\FoodCare.API.csproj]

Build FAILED.

C:\Program Files\dotnet\sdk\9.0.305\Microsoft.Common.CurrentVersion.targets(5932,5): warning MSB3061: Unable to delete file "C:\Users\PC\Food-Care-FNC\FoodCare.API\bin\Debug\net8.0\FoodCare.API.exe". Access to the path 'C:\Users\PC\Food-Care-FNC\FoodCare.API\bin\Debug\net8.0\FoodCare.API.exe' is denied. The file is locked by: "FoodCare.API (15904)" [C:\Users\PC\Food-Care-FNC\FoodCare.API\FoodCare.API.csproj]
C:\Program Files\dotnet\sdk\9.0.305\Microsoft.Common.CurrentVersion.targets(5932,5): warning MSB3061: Unable to delete file "C:\Users\PC\Food-Care-FNC\FoodCare.API\bin\Debug\net8.0\FoodCare.API.dll". Access to the path 'C:\Users\PC\Food-Care-FNC\FoodCare.API\bin\Debug\net8.0\FoodCare.API.dll' is denied. The file is locked by: "FoodCare.API (15904)" [C:\Users\PC\Food-Care-FNC\FoodCare.API\FoodCare.API.csproj]
C:\Program Files\dotnet\sdk\9.0.305\Microsoft.Common.CurrentVersion.targets(5932,5): warning MSB3061: Unable to delete file "C:\Users\PC\Food-Care-FNC\FoodCare.API\bin\Debug\net8.0\AutoMapper.dll". Access to the path 'C:\Users\PC\Food-Care-FNC\FoodCare.API\bin\Debug\net8.0\AutoMapper.dll' is denied. The file is locked by: "FoodCare.API (15904)" [C:\Users\PC\Food-Care-FNC\FoodCare.API\FoodCare.API.csproj]
C:\Program Files\dotnet\sdk\9.0.305\Microsoft.Common.CurrentVersion.targets(5932,5): warning MSB3061: Unable to delete file "C:\Users\PC\Food-Care-FNC\FoodCare.API\bin\Debug\net8.0\AutoMapper.Extensions.Microsoft.DependencyInjection.dll". Access to the path 'C:\Users\PC\Food-Care-FNC\FoodCare.API\bin\Debug\net8.0\AutoMapper.Extensions.Microsoft.DependencyInjection.dll' is denied. The file is locked by: "FoodCare.API (15904)" [C:\Users\PC\Food-Care-FNC\FoodCare.API\FoodCare.API.csproj]
C:\Program Files\dotnet\sdk\9.0.305\Microsoft.Common.CurrentVersion.targets(5932,5): warning MSB3061: Unable to delete file "C:\Users\PC\Food-Care-FNC\FoodCare.API\bin\Debug\net8.0\Microsoft.AspNetCore.Authentication.JwtBearer.dll". Access to the path 'C:\Users\PC\Food-Care-FNC\FoodCare.API\bin\Debug\net8.0\Microsoft.AspNetCore.Authentication.JwtBearer.dll' is denied. The file is locked by: "FoodCare.API (15904)" [C:\Users\PC\Food-Care-FNC\FoodCare.API\FoodCare.API.csproj]
C:\Program Files\dotnet\sdk\9.0.305\Microsoft.Common.CurrentVersion.targets(5932,5): warning MSB3061: Unable to delete file "C:\Users\PC\Food-Care-FNC\FoodCare.API\bin\Debug\net8.0\Microsoft.AspNetCore.OpenApi.dll". Access to the path 'C:\Users\PC\Food-Care-FNC\FoodCare.API\bin\Debug\net8.0\Microsoft.AspNetCore.OpenApi.dll' is denied. The file is locked by: "FoodCare.API (15904)" [C:\Users\PC\Food-Care-FNC\FoodCare.API\FoodCare.API.csproj]
C:\Program Files\dotnet\sdk\9.0.305\Microsoft.Common.CurrentVersion.targets(5932,5): warning MSB3061: Unable to delete file "C:\Users\PC\Food-Care-FNC\FoodCare.API\bin\Debug\net8.0\Microsoft.EntityFrameworkCore.dll". Access to the path 'C:\Users\PC\Food-Care-FNC\FoodCare.API\bin\Debug\net8.0\Microsoft.EntityFrameworkCore.dll' is denied. The file is locked by: "FoodCare.API (15904)" [C:\Users\PC\Food-Care-FNC\FoodCare.API\FoodCare.API.csproj]
C:\Program Files\dotnet\sdk\9.0.305\Microsoft.Common.CurrentVersion.targets(5932,5): warning MSB3061: Unable to delete file "C:\Users\PC\Food-Care-FNC\FoodCare.API\bin\Debug\net8.0\Microsoft.EntityFrameworkCore.Abstractions.dll". Access to the path 'C:\Users\PC\Food-Care-FNC\FoodCare.API\bin\Debug\net8.0\Microsoft.EntityFrameworkCore.Abstractions.dll' is denied. The file is locked by: "FoodCare.API (15904)" [C:\Users\PC\Food-Care-FNC\FoodCare.API\FoodCare.API.csproj]
C:\Program Files\dotnet\sdk\9.0.305\Microsoft.Common.CurrentVersion.targets(5932,5): warning MSB3061: Unable to delete file "C:\Users\PC\Food-Care-FNC\FoodCare.API\bin\Debug\net8.0\Microsoft.EntityFrameworkCore.Relational.dll". Access to the path 'C:\Users\PC\Food-Care-FNC\FoodCare.API\bin\Debug\net8.0\Microsoft.EntityFrameworkCore.Relational.dll' is denied. The file is locked by: "FoodCare.API (15904)" [C:\Users\PC\Food-Care-FNC\FoodCare.API\FoodCare.API.csproj]
C:\Program Files\dotnet\sdk\9.0.305\Microsoft.Common.CurrentVersion.targets(5932,5): warning MSB3061: Unable to delete file "C:\Users\PC\Food-Care-FNC\FoodCare.API\bin\Debug\net8.0\Microsoft.IdentityModel.Abstractions.dll". Access to the path 'C:\Users\PC\Food-Care-FNC\FoodCare.API\bin\Debug\net8.0\Microsoft.IdentityModel.Abstractions.dll' is denied. The file is locked by: "FoodCare.API (15904)" [C:\Users\PC\Food-Care-FNC\FoodCare.API\FoodCare.API.csproj]
C:\Program Files\dotnet\sdk\9.0.305\Microsoft.Common.CurrentVersion.targets(5932,5): warning MSB3061: Unable to delete file "C:\Users\PC\Food-Care-FNC\FoodCare.API\bin\Debug\net8.0\Microsoft.IdentityModel.JsonWebTokens.dll". Access to the path 'C:\Users\PC\Food-Care-FNC\FoodCare.API\bin\Debug\net8.0\Microsoft.IdentityModel.JsonWebTokens.dll' is denied. The file is locked by: "FoodCare.API (15904)" [C:\Users\PC\Food-Care-FNC\FoodCare.API\FoodCare.API.csproj]
C:\Program Files\dotnet\sdk\9.0.305\Microsoft.Common.CurrentVersion.targets(5932,5): warning MSB3061: Unable to delete file "C:\Users\PC\Food-Care-FNC\FoodCare.API\bin\Debug\net8.0\Microsoft.IdentityModel.Logging.dll". Access to the path 'C:\Users\PC\Food-Care-FNC\FoodCare.API\bin\Debug\net8.0\Microsoft.IdentityModel.Logging.dll' is denied. The file is locked by: "FoodCare.API (15904)" [C:\Users\PC\Food-Care-FNC\FoodCare.API\FoodCare.API.csproj]
C:\Program Files\dotnet\sdk\9.0.305\Microsoft.Common.CurrentVersion.targets(5932,5): warning MSB3061: Unable to delete file "C:\Users\PC\Food-Care-FNC\FoodCare.API\bin\Debug\net8.0\Microsoft.IdentityModel.Protocols.dll". Access to the path 'C:\Users\PC\Food-Care-FNC\FoodCare.API\bin\Debug\net8.0\Microsoft.IdentityModel.Protocols.dll' is denied. The file is locked by: "FoodCare.API (15904)" [C:\Users\PC\Food-Care-FNC\FoodCare.API\FoodCare.API.csproj]
C:\Program Files\dotnet\sdk\9.0.305\Microsoft.Common.CurrentVersion.targets(5932,5): warning MSB3061: Unable to delete file "C:\Users\PC\Food-Care-FNC\FoodCare.API\bin\Debug\net8.0\Microsoft.IdentityModel.Protocols.OpenIdConnect.dll". Access to the path 'C:\Users\PC\Food-Care-FNC\FoodCare.API\bin\Debug\net8.0\Microsoft.IdentityModel.Protocols.OpenIdConnect.dll' is denied. The file is locked by: "FoodCare.API (15904)" [C:\Users\PC\Food-Care-FNC\FoodCare.API\FoodCare.API.csproj]
C:\Program Files\dotnet\sdk\9.0.305\Microsoft.Common.CurrentVersion.targets(5932,5): warning MSB3061: Unable to delete file "C:\Users\PC\Food-Care-FNC\FoodCare.API\bin\Debug\net8.0\Microsoft.IdentityModel.Tokens.dll". Access to the path 'C:\Users\PC\Food-Care-FNC\FoodCare.API\bin\Debug\net8.0\Microsoft.IdentityModel.Tokens.dll' is denied. The file is locked by: "FoodCare.API (15904)" [C:\Users\PC\Food-Care-FNC\FoodCare.API\FoodCare.API.csproj]
C:\Program Files\dotnet\sdk\9.0.305\Microsoft.Common.CurrentVersion.targets(5932,5): warning MSB3061: Unable to delete file "C:\Users\PC\Food-Care-FNC\FoodCare.API\bin\Debug\net8.0\Microsoft.OpenApi.dll". Access to the path 'C:\Users\PC\Food-Care-FNC\FoodCare.API\bin\Debug\net8.0\Microsoft.OpenApi.dll' is denied. The file is locked by: "FoodCare.API (15904)" [C:\Users\PC\Food-Care-FNC\FoodCare.API\FoodCare.API.csproj]
C:\Program Files\dotnet\sdk\9.0.305\Microsoft.Common.CurrentVersion.targets(5932,5): warning MSB3061: Unable to delete file "C:\Users\PC\Food-Care-FNC\FoodCare.API\bin\Debug\net8.0\Newtonsoft.Json.dll". Access to the path 'C:\Users\PC\Food-Care-FNC\FoodCare.API\bin\Debug\net8.0\Newtonsoft.Json.dll' is denied. The file is locked by: "FoodCare.API (15904)" [C:\Users\PC\Food-Care-FNC\FoodCare.API\FoodCare.API.csproj]
C:\Program Files\dotnet\sdk\9.0.305\Microsoft.Common.CurrentVersion.targets(5932,5): warning MSB3061: Unable to delete file "C:\Users\PC\Food-Care-FNC\FoodCare.API\bin\Debug\net8.0\Npgsql.dll". Access to the path 'C:\Users\PC\Food-Care-FNC\FoodCare.API\bin\Debug\net8.0\Npgsql.dll' is denied. The file is locked by: "FoodCare.API (15904)" [C:\Users\PC\Food-Care-FNC\FoodCare.API\FoodCare.API.csproj]
C:\Program Files\dotnet\sdk\9.0.305\Microsoft.Common.CurrentVersion.targets(5932,5): warning MSB3061: Unable to delete file "C:\Users\PC\Food-Care-FNC\FoodCare.API\bin\Debug\net8.0\Npgsql.EntityFrameworkCore.PostgreSQL.dll". Access to the path 'C:\Users\PC\Food-Care-FNC\FoodCare.API\bin\Debug\net8.0\Npgsql.EntityFrameworkCore.PostgreSQL.dll' is denied. The file is locked by: "FoodCare.API (15904)" [C:\Users\PC\Food-Care-FNC\FoodCare.API\FoodCare.API.csproj]
C:\Program Files\dotnet\sdk\9.0.305\Microsoft.Common.CurrentVersion.targets(5932,5): warning MSB3061: Unable to delete file "C:\Users\PC\Food-Care-FNC\FoodCare.API\bin\Debug\net8.0\SendGrid.dll". Access to the path 'C:\Users\PC\Food-Care-FNC\FoodCare.API\bin\Debug\net8.0\SendGrid.dll' is denied. The file is locked by: "FoodCare.API (15904)" [C:\Users\PC\Food-Care-FNC\FoodCare.API\FoodCare.API.csproj]
C:\Program Files\dotnet\sdk\9.0.305\Microsoft.Common.CurrentVersion.targets(5932,5): warning MSB3061: Unable to delete file "C:\Users\PC\Food-Care-FNC\FoodCare.API\bin\Debug\net8.0\Supabase.dll". Access to the path 'C:\Users\PC\Food-Care-FNC\FoodCare.API\bin\Debug\net8.0\Supabase.dll' is denied. The file is locked by: "FoodCare.API (15904)" [C:\Users\PC\Food-Care-FNC\FoodCare.API\FoodCare.API.csproj]
C:\Program Files\dotnet\sdk\9.0.305\Microsoft.Common.CurrentVersion.targets(5932,5): warning MSB3061: Unable to delete file "C:\Users\PC\Food-Care-FNC\FoodCare.API\bin\Debug\net8.0\Supabase.Core.dll". Access to the path 'C:\Users\PC\Food-Care-FNC\FoodCare.API\bin\Debug\net8.0\Supabase.Core.dll' is denied. The file is locked by: "FoodCare.API (15904)" [C:\Users\PC\Food-Care-FNC\FoodCare.API\FoodCare.API.csproj]
C:\Program Files\dotnet\sdk\9.0.305\Microsoft.Common.CurrentVersion.targets(5932,5): warning MSB3061: Unable to delete file "C:\Users\PC\Food-Care-FNC\FoodCare.API\bin\Debug\net8.0\Supabase.Functions.dll". Access to the path 'C:\Users\PC\Food-Care-FNC\FoodCare.API\bin\Debug\net8.0\Supabase.Functions.dll' is denied. The file is locked by: "FoodCare.API (15904)" [C:\Users\PC\Food-Care-FNC\FoodCare.API\FoodCare.API.csproj]
C:\Program Files\dotnet\sdk\9.0.305\Microsoft.Common.CurrentVersion.targets(5932,5): warning MSB3061: Unable to delete file "C:\Users\PC\Food-Care-FNC\FoodCare.API\bin\Debug\net8.0\Supabase.Gotrue.dll". Access to the path 'C:\Users\PC\Food-Care-FNC\FoodCare.API\bin\Debug\net8.0\Supabase.Gotrue.dll' is denied. The file is locked by: "FoodCare.API (15904)" [C:\Users\PC\Food-Care-FNC\FoodCare.API\FoodCare.API.csproj]
C:\Program Files\dotnet\sdk\9.0.305\Microsoft.Common.CurrentVersion.targets(5932,5): warning MSB3061: Unable to delete file "C:\Users\PC\Food-Care-FNC\FoodCare.API\bin\Debug\net8.0\Supabase.Postgrest.dll". Access to the path 'C:\Users\PC\Food-Care-FNC\FoodCare.API\bin\Debug\net8.0\Supabase.Postgrest.dll' is denied. The file is locked by: "FoodCare.API (15904)" [C:\Users\PC\Food-Care-FNC\FoodCare.API\FoodCare.API.csproj]
C:\Program Files\dotnet\sdk\9.0.305\Microsoft.Common.CurrentVersion.targets(5932,5): warning MSB3061: Unable to delete file "C:\Users\PC\Food-Care-FNC\FoodCare.API\bin\Debug\net8.0\Supabase.Realtime.dll". Access to the path 'C:\Users\PC\Food-Care-FNC\FoodCare.API\bin\Debug\net8.0\Supabase.Realtime.dll' is denied. The file is locked by: "FoodCare.API (15904)" [C:\Users\PC\Food-Care-FNC\FoodCare.API\FoodCare.API.csproj]
C:\Program Files\dotnet\sdk\9.0.305\Microsoft.Common.CurrentVersion.targets(5932,5): warning MSB3061: Unable to delete file "C:\Users\PC\Food-Care-FNC\FoodCare.API\bin\Debug\net8.0\Supabase.Storage.dll". Access to the path 'C:\Users\PC\Food-Care-FNC\FoodCare.API\bin\Debug\net8.0\Supabase.Storage.dll' is denied. The file is locked by: "FoodCare.API (15904)" [C:\Users\PC\Food-Care-FNC\FoodCare.API\FoodCare.API.csproj]
C:\Program Files\dotnet\sdk\9.0.305\Microsoft.Common.CurrentVersion.targets(5932,5): warning MSB3061: Unable to delete file "C:\Users\PC\Food-Care-FNC\FoodCare.API\bin\Debug\net8.0\Swashbuckle.AspNetCore.Swagger.dll". Access to the path 'C:\Users\PC\Food-Care-FNC\FoodCare.API\bin\Debug\net8.0\Swashbuckle.AspNetCore.Swagger.dll' is denied. The file is locked by: "FoodCare.API (15904)" [C:\Users\PC\Food-Care-FNC\FoodCare.API\FoodCare.API.csproj]
C:\Program Files\dotnet\sdk\9.0.305\Microsoft.Common.CurrentVersion.targets(5932,5): warning MSB3061: Unable to delete file "C:\Users\PC\Food-Care-FNC\FoodCare.API\bin\Debug\net8.0\Swashbuckle.AspNetCore.SwaggerGen.dll". Access to the path 'C:\Users\PC\Food-Care-FNC\FoodCare.API\bin\Debug\net8.0\Swashbuckle.AspNetCore.SwaggerGen.dll' is denied. The file is locked by: "FoodCare.API (15904)" [C:\Users\PC\Food-Care-FNC\FoodCare.API\FoodCare.API.csproj]
C:\Program Files\dotnet\sdk\9.0.305\Microsoft.Common.CurrentVersion.targets(5932,5): warning MSB3061: Unable to delete file "C:\Users\PC\Food-Care-FNC\FoodCare.API\bin\Debug\net8.0\Swashbuckle.AspNetCore.SwaggerUI.dll". Access to the path 'C:\Users\PC\Food-Care-FNC\FoodCare.API\bin\Debug\net8.0\Swashbuckle.AspNetCore.SwaggerUI.dll' is denied. The file is locked by: "FoodCare.API (15904)" [C:\Users\PC\Food-Care-FNC\FoodCare.API\FoodCare.API.csproj]
C:\Program Files\dotnet\sdk\9.0.305\Microsoft.Common.CurrentVersion.targets(5932,5): warning MSB3061: Unable to delete file "C:\Users\PC\Food-Care-FNC\FoodCare.API\bin\Debug\net8.0\System.IdentityModel.Tokens.Jwt.dll". Access to the path 'C:\Users\PC\Food-Care-FNC\FoodCare.API\bin\Debug\net8.0\System.IdentityModel.Tokens.Jwt.dll' is denied. The file is locked by: "FoodCare.API (15904)" [C:\Users\PC\Food-Care-FNC\FoodCare.API\FoodCare.API.csproj]
C:\Users\PC\Food-Care-FNC\FoodCare.API\Services\Implementations\SupplierModule\SupplierAuthService.cs(76,39): warning CS8602: Dereference of a possibly null reference. [C:\Users\PC\Food-Care-FNC\FoodCare.API\FoodCare.API.csproj]
C:\Users\PC\Food-Care-FNC\FoodCare.API\Services\Implementations\SupplierModule\SupplierAuthService.cs(76,29): warning CS8629: Nullable value type may be null. [C:\Users\PC\Food-Care-FNC\FoodCare.API\FoodCare.API.csproj]
C:\Users\PC\Food-Care-FNC\FoodCare.API\Services\Implementations\SupplierModule\SupplierAuthService.cs(79,32): warning CS8601: Possible null reference assignment. [C:\Users\PC\Food-Care-FNC\FoodCare.API\FoodCare.API.csproj]
C:\Users\PC\Food-Care-FNC\FoodCare.API\Services\Implementations\SupplierModule\SupplierAuthService.cs(111,27): warning CS8602: Dereference of a possibly null reference. [C:\Users\PC\Food-Care-FNC\FoodCare.API\FoodCare.API.csproj]
C:\Users\PC\Food-Care-FNC\FoodCare.API\Services\Implementations\SupplierModule\SupplierAuthService.cs(116,26): warning CS8602: Dereference of a possibly null reference. [C:\Users\PC\Food-Care-FNC\FoodCare.API\FoodCare.API.csproj]
C:\Users\PC\Food-Care-FNC\FoodCare.API\Services\Implementations\SupplierModule\SupplierAuthService.cs(119,26): warning CS8602: Dereference of a possibly null reference. [C:\Users\PC\Food-Care-FNC\FoodCare.API\FoodCare.API.csproj]
C:\Users\PC\Food-Care-FNC\FoodCare.API\Services\Implementations\SupplierModule\SupplierAuthService.cs(128,52): warning CS8602: Dereference of a possibly null reference. [C:\Users\PC\Food-Care-FNC\FoodCare.API\FoodCare.API.csproj]
C:\Users\PC\Food-Care-FNC\FoodCare.API\Services\Implementations\SupplierModule\SupplierAuthService.cs(129,28): warning CS8629: Nullable value type may be null. [C:\Users\PC\Food-Care-FNC\FoodCare.API\FoodCare.API.csproj]
C:\Users\PC\Food-Care-FNC\FoodCare.API\Services\Implementations\SupplierModule\SupplierAuthService.cs(130,32): warning CS8629: Nullable value type may be null. [C:\Users\PC\Food-Care-FNC\FoodCare.API\FoodCare.API.csproj]
C:\Users\PC\Food-Care-FNC\FoodCare.API\Services\Implementations\SupplierModule\SupplierAuthService.cs(131,32): warning CS8629: Nullable value type may be null. [C:\Users\PC\Food-Care-FNC\FoodCare.API\FoodCare.API.csproj]
C:\Users\PC\Food-Care-FNC\FoodCare.API\Services\Implementations\SupplierModule\SupplierAuthService.cs(156,27): warning CS8602: Dereference of a possibly null reference. [C:\Users\PC\Food-Care-FNC\FoodCare.API\FoodCare.API.csproj]
C:\Users\PC\Food-Care-FNC\FoodCare.API\Services\Implementations\SupplierModule\SupplierAuthService.cs(162,26): warning CS8602: Dereference of a possibly null reference. [C:\Users\PC\Food-Care-FNC\FoodCare.API\FoodCare.API.csproj]
C:\Users\PC\Food-Care-FNC\FoodCare.API\Services\Implementations\SupplierModule\SupplierAuthService.cs(163,28): warning CS8602: Dereference of a possibly null reference. [C:\Users\PC\Food-Care-FNC\FoodCare.API\FoodCare.API.csproj]
C:\Users\PC\Food-Care-FNC\FoodCare.API\Services\Implementations\SupplierModule\SupplierAuthService.cs(167,27): warning CS8629: Nullable value type may be null. [C:\Users\PC\Food-Care-FNC\FoodCare.API\FoodCare.API.csproj]
C:\Users\PC\Food-Care-FNC\FoodCare.API\Services\Implementations\SupplierModule\SupplierAuthService.cs(175,34): warning CS8602: Dereference of a possibly null reference. [C:\Users\PC\Food-Care-FNC\FoodCare.API\FoodCare.API.csproj]
C:\Users\PC\Food-Care-FNC\FoodCare.API\Services\Implementations\SupplierModule\SupplierAuthService.cs(179,27): warning CS8629: Nullable value type may be null. [C:\Users\PC\Food-Care-FNC\FoodCare.API\FoodCare.API.csproj]
C:\Users\PC\Food-Care-FNC\FoodCare.API\Services\Implementations\SupplierModule\SupplierAuthService.cs(195,27): warning CS8629: Nullable value type may be null. [C:\Users\PC\Food-Care-FNC\FoodCare.API\FoodCare.API.csproj]
C:\Users\PC\Food-Care-FNC\FoodCare.API\Services\Implementations\SupplierModule\SupplierAuthService.cs(215,27): warning CS8629: Nullable value type may be null. [C:\Users\PC\Food-Care-FNC\FoodCare.API\FoodCare.API.csproj]
C:\Users\PC\Food-Care-FNC\FoodCare.API\Services\Implementations\SupplierModule\SupplierAuthService.cs(228,28): warning CS8629: Nullable value type may be null. [C:\Users\PC\Food-Care-FNC\FoodCare.API\FoodCare.API.csproj]
C:\Users\PC\Food-Care-FNC\FoodCare.API\Services\Implementations\SupplierModule\SupplierAuthService.cs(252,32): warning CS8601: Possible null reference assignment. [C:\Users\PC\Food-Care-FNC\FoodCare.API\FoodCare.API.csproj]
C:\Users\PC\Food-Care-FNC\FoodCare.API\Helpers\NotificationHelper.cs(19,30): warning CS1998: This async method lacks 'await' operators and will run synchronously. Consider using the 'await' operator to await non-blocking API calls, or 'await Task.Run(...)' to do CPU-bound work on a background thread. [C:\Users\PC\Food-Care-FNC\FoodCare.API\FoodCare.API.csproj]
C:\Users\PC\Food-Care-FNC\FoodCare.API\Helpers\MappingProfile.cs(121,65): warning CS8604: Possible null reference argument for parameter 'json' in 'JsonDocument JsonDocument.Parse(string json, JsonDocumentOptions options = default(JsonDocumentOptions))'. [C:\Users\PC\Food-Care-FNC\FoodCare.API\FoodCare.API.csproj]
C:\Users\PC\Food-Care-FNC\FoodCare.API\Services\Implementations\AuthService.cs(399,27): warning CS8600: Converting null literal or possible null value to non-nullable type. [C:\Users\PC\Food-Care-FNC\FoodCare.API\FoodCare.API.csproj]
C:\Users\PC\Food-Care-FNC\FoodCare.API\Services\Implementations\Admin\AdminSupplierService.cs(28,17): warning CS8602: Dereference of a possibly null reference. [C:\Users\PC\Food-Care-FNC\FoodCare.API\FoodCare.API.csproj]
C:\Users\PC\Food-Care-FNC\FoodCare.API\Services\Implementations\EmailService.cs(295,40): warning CS8604: Possible null reference argument for parameter 'address' in 'MailAddress.MailAddress(string address, string? displayName)'. [C:\Users\PC\Food-Care-FNC\FoodCare.API\FoodCare.API.csproj]
C:\Users\PC\Food-Care-FNC\FoodCare.API\Services\Implementations\PayOsService.cs(36,17): warning CS8604: Possible null reference argument for parameter 'cancelUrl' in 'string PayOsService.CreateSignature(long orderCode, decimal amount, string description, string cancelUrl, string returnUrl, string checksumKey)'. [C:\Users\PC\Food-Care-FNC\FoodCare.API\FoodCare.API.csproj]
C:\Users\PC\Food-Care-FNC\FoodCare.API\Services\Implementations\PayOsService.cs(37,17): warning CS8604: Possible null reference argument for parameter 'returnUrl' in 'string PayOsService.CreateSignature(long orderCode, decimal amount, string description, string cancelUrl, string returnUrl, string checksumKey)'. [C:\Users\PC\Food-Care-FNC\FoodCare.API\FoodCare.API.csproj]
C:\Users\PC\Food-Care-FNC\FoodCare.API\Services\Implementations\PayOsService.cs(38,17): warning CS8604: Possible null reference argument for parameter 'checksumKey' in 'string PayOsService.CreateSignature(long orderCode, decimal amount, string description, string cancelUrl, string returnUrl, string checksumKey)'. [C:\Users\PC\Food-Care-FNC\FoodCare.API\FoodCare.API.csproj]
C:\Users\PC\Food-Care-FNC\FoodCare.API\Services\Implementations\PayOsService.cs(96,68): warning CS8604: Possible null reference argument for parameter 's' in 'byte[] Encoding.GetBytes(string s)'. [C:\Users\PC\Food-Care-FNC\FoodCare.API\FoodCare.API.csproj]
C:\Users\PC\Food-Care-FNC\FoodCare.API\Services\Implementations\RecommendationService.cs(194,113): warning CS8629: Nullable value type may be null. [C:\Users\PC\Food-Care-FNC\FoodCare.API\FoodCare.API.csproj]
C:\Users\PC\Food-Care-FNC\FoodCare.API\Services\Implementations\RecommendationService.cs(195,25): warning CS8629: Nullable value type may be null. [C:\Users\PC\Food-Care-FNC\FoodCare.API\FoodCare.API.csproj]
C:\Users\PC\Food-Care-FNC\FoodCare.API\Services\Implementations\RecommendationService.cs(195,98): warning CS8629: Nullable value type may be null. [C:\Users\PC\Food-Care-FNC\FoodCare.API\FoodCare.API.csproj]
C:\Program Files\dotnet\sdk\9.0.305\Microsoft.Common.CurrentVersion.targets(5394,5): warning MSB3026: Could not copy "C:\Users\PC\Food-Care-FNC\FoodCare.API\obj\Debug\net8.0\apphost.exe" to "bin\Debug\net8.0\FoodCare.API.exe". Beginning retry 1 in 1000ms. The process cannot access the file 'C:\Users\PC\Food-Care-FNC\FoodCare.API\bin\Debug\net8.0\FoodCare.API.exe' because it is being used by another process. The file is locked by: "FoodCare.API (15904)" [C:\Users\PC\Food-Care-FNC\FoodCare.API\FoodCare.API.csproj]
C:\Program Files\dotnet\sdk\9.0.305\Microsoft.Common.CurrentVersion.targets(5394,5): warning MSB3026: Could not copy "C:\Users\PC\Food-Care-FNC\FoodCare.API\obj\Debug\net8.0\apphost.exe" to "bin\Debug\net8.0\FoodCare.API.exe". Beginning retry 2 in 1000ms. The process cannot access the file 'C:\Users\PC\Food-Care-FNC\FoodCare.API\bin\Debug\net8.0\FoodCare.API.exe' because it is being used by another process. The file is locked by: "FoodCare.API (15904)" [C:\Users\PC\Food-Care-FNC\FoodCare.API\FoodCare.API.csproj]
C:\Program Files\dotnet\sdk\9.0.305\Microsoft.Common.CurrentVersion.targets(5394,5): warning MSB3026: Could not copy "C:\Users\PC\Food-Care-FNC\FoodCare.API\obj\Debug\net8.0\apphost.exe" to "bin\Debug\net8.0\FoodCare.API.exe". Beginning retry 3 in 1000ms. The process cannot access the file 'C:\Users\PC\Food-Care-FNC\FoodCare.API\bin\Debug\net8.0\FoodCare.API.exe' because it is being used by another process. The file is locked by: "FoodCare.API (15904)" [C:\Users\PC\Food-Care-FNC\FoodCare.API\FoodCare.API.csproj]
C:\Program Files\dotnet\sdk\9.0.305\Microsoft.Common.CurrentVersion.targets(5394,5): warning MSB3026: Could not copy "C:\Users\PC\Food-Care-FNC\FoodCare.API\obj\Debug\net8.0\apphost.exe" to "bin\Debug\net8.0\FoodCare.API.exe". Beginning retry 4 in 1000ms. The process cannot access the file 'C:\Users\PC\Food-Care-FNC\FoodCare.API\bin\Debug\net8.0\FoodCare.API.exe' because it is being used by another process. The file is locked by: "FoodCare.API (15904)" [C:\Users\PC\Food-Care-FNC\FoodCare.API\FoodCare.API.csproj]
C:\Program Files\dotnet\sdk\9.0.305\Microsoft.Common.CurrentVersion.targets(5394,5): warning MSB3026: Could not copy "C:\Users\PC\Food-Care-FNC\FoodCare.API\obj\Debug\net8.0\apphost.exe" to "bin\Debug\net8.0\FoodCare.API.exe". Beginning retry 5 in 1000ms. The process cannot access the file 'C:\Users\PC\Food-Care-FNC\FoodCare.API\bin\Debug\net8.0\FoodCare.API.exe' because it is being used by another process. The file is locked by: "FoodCare.API (15904)" [C:\Users\PC\Food-Care-FNC\FoodCare.API\FoodCare.API.csproj]
C:\Program Files\dotnet\sdk\9.0.305\Microsoft.Common.CurrentVersion.targets(5394,5): warning MSB3026: Could not copy "C:\Users\PC\Food-Care-FNC\FoodCare.API\obj\Debug\net8.0\apphost.exe" to "bin\Debug\net8.0\FoodCare.API.exe". Beginning retry 6 in 1000ms. The process cannot access the file 'C:\Users\PC\Food-Care-FNC\FoodCare.API\bin\Debug\net8.0\FoodCare.API.exe' because it is being used by another process. The file is locked by: "FoodCare.API (15904)" [C:\Users\PC\Food-Care-FNC\FoodCare.API\FoodCare.API.csproj]
C:\Program Files\dotnet\sdk\9.0.305\Microsoft.Common.CurrentVersion.targets(5394,5): warning MSB3026: Could not copy "C:\Users\PC\Food-Care-FNC\FoodCare.API\obj\Debug\net8.0\apphost.exe" to "bin\Debug\net8.0\FoodCare.API.exe". Beginning retry 7 in 1000ms. The process cannot access the file 'C:\Users\PC\Food-Care-FNC\FoodCare.API\bin\Debug\net8.0\FoodCare.API.exe' because it is being used by another process. The file is locked by: "FoodCare.API (15904)" [C:\Users\PC\Food-Care-FNC\FoodCare.API\FoodCare.API.csproj]
C:\Program Files\dotnet\sdk\9.0.305\Microsoft.Common.CurrentVersion.targets(5394,5): warning MSB3026: Could not copy "C:\Users\PC\Food-Care-FNC\FoodCare.API\obj\Debug\net8.0\apphost.exe" to "bin\Debug\net8.0\FoodCare.API.exe". Beginning retry 8 in 1000ms. The process cannot access the file 'C:\Users\PC\Food-Care-FNC\FoodCare.API\bin\Debug\net8.0\FoodCare.API.exe' because it is being used by another process. The file is locked by: "FoodCare.API (15904)" [C:\Users\PC\Food-Care-FNC\FoodCare.API\FoodCare.API.csproj]
C:\Program Files\dotnet\sdk\9.0.305\Microsoft.Common.CurrentVersion.targets(5394,5): warning MSB3026: Could not copy "C:\Users\PC\Food-Care-FNC\FoodCare.API\obj\Debug\net8.0\apphost.exe" to "bin\Debug\net8.0\FoodCare.API.exe". Beginning retry 9 in 1000ms. The process cannot access the file 'C:\Users\PC\Food-Care-FNC\FoodCare.API\bin\Debug\net8.0\FoodCare.API.exe' because it is being used by another process. The file is locked by: "FoodCare.API (15904)" [C:\Users\PC\Food-Care-FNC\FoodCare.API\FoodCare.API.csproj]
C:\Program Files\dotnet\sdk\9.0.305\Microsoft.Common.CurrentVersion.targets(5394,5): warning MSB3026: Could not copy "C:\Users\PC\Food-Care-FNC\FoodCare.API\obj\Debug\net8.0\apphost.exe" to "bin\Debug\net8.0\FoodCare.API.exe". Beginning retry 10 in 1000ms. The process cannot access the file 'C:\Users\PC\Food-Care-FNC\FoodCare.API\bin\Debug\net8.0\FoodCare.API.exe' because it is being used by another process. The file is locked by: "FoodCare.API (15904)" [C:\Users\PC\Food-Care-FNC\FoodCare.API\FoodCare.API.csproj]
C:\Program Files\dotnet\sdk\9.0.305\Microsoft.Common.CurrentVersion.targets(5394,5): error MSB3027: Could not copy "C:\Users\PC\Food-Care-FNC\FoodCare.API\obj\Debug\net8.0\apphost.exe" to "bin\Debug\net8.0\FoodCare.API.exe". Exceeded retry count of 10. Failed. The file is locked by: "FoodCare.API (15904)" [C:\Users\PC\Food-Care-FNC\FoodCare.API\FoodCare.API.csproj]
C:\Program Files\dotnet\sdk\9.0.305\Microsoft.Common.CurrentVersion.targets(5394,5): error MSB3021: Unable to copy file "C:\Users\PC\Food-Care-FNC\FoodCare.API\obj\Debug\net8.0\apphost.exe" to "bin\Debug\net8.0\FoodCare.API.exe". The process cannot access the file 'C:\Users\PC\Food-Care-FNC\FoodCare.API\bin\Debug\net8.0\FoodCare.API.exe' because it is being used by another process. [C:\Users\PC\Food-Care-FNC\FoodCare.API\FoodCare.API.csproj]
    73 Warning(s)
    2 Error(s)

Time Elapsed 00:00:36.69
